// Jest Snapshot v1, https://goo.gl/fbAQLP

exports[`DefaultBreathModesScreen should display all the buttons 1`] = `
<body>
  <div>
    <div
      class="css-1hihiq8"
      data-testid="mode-buttons"
    >
      <div
        class="MuiButtonBase-root MuiButton-root MuiButton-contained MuiButton-containedPrimary MuiButton-sizeMedium MuiButton-containedSizeMedium MuiButton-root MuiButton-contained MuiButton-containedPrimary MuiButton-sizeMedium MuiButton-containedSizeMedium css-w7ins5-MuiButtonBase-root-MuiButton-root"
        role="button"
        tabindex="0"
      >
        Cohérence cardiaque
        <span
          class="MuiTouchRipple-root css-8je8zh-MuiTouchRipple-root"
        />
      </div>
      <div
        class="MuiButtonBase-root MuiButton-root MuiButton-contained MuiButton-containedPrimary MuiButton-sizeMedium MuiButton-containedSizeMedium MuiButton-root MuiButton-contained MuiButton-containedPrimary MuiButton-sizeMedium MuiButton-containedSizeMedium css-1frl7jq-MuiButtonBase-root-MuiButton-root"
        role="button"
        tabindex="0"
      >
        Respiration vitalité
        <span
          class="MuiTouchRipple-root css-8je8zh-MuiTouchRipple-root"
        />
      </div>
      <div
        class="MuiButtonBase-root MuiButton-root MuiButton-contained MuiButton-containedPrimary MuiButton-sizeMedium MuiButton-containedSizeMedium MuiButton-root MuiButton-contained MuiButton-containedPrimary MuiButton-sizeMedium MuiButton-containedSizeMedium css-1frl7jq-MuiButtonBase-root-MuiButton-root"
        role="button"
        tabindex="0"
      >
        Respiration détente
        <span
          class="MuiTouchRipple-root css-8je8zh-MuiTouchRipple-root"
        />
      </div>
      <div
        class="MuiButtonBase-root MuiButton-root MuiButton-contained MuiButton-containedPrimary MuiButton-sizeMedium MuiButton-containedSizeMedium MuiButton-root MuiButton-contained MuiButton-containedPrimary MuiButton-sizeMedium MuiButton-containedSizeMedium css-1frl7jq-MuiButtonBase-root-MuiButton-root"
        role="button"
        tabindex="0"
      >
        Respiration carrée
        <span
          class="MuiTouchRipple-root css-8je8zh-MuiTouchRipple-root"
        />
      </div>
      <div
        class="MuiButtonBase-root MuiButton-root MuiButton-contained MuiButton-containedPrimary MuiButton-sizeMedium MuiButton-containedSizeMedium MuiButton-root MuiButton-contained MuiButton-containedPrimary MuiButton-sizeMedium MuiButton-containedSizeMedium css-1frl7jq-MuiButtonBase-root-MuiButton-root"
        role="button"
        tabindex="0"
      >
        Personnalisé
        <span
          class="MuiTouchRipple-root css-8je8zh-MuiTouchRipple-root"
        />
      </div>
    </div>
  </div>
</body>
`;
